// Jest Snapshot v1, https://goo.gl/fbAQLP

exports[`FullCalendar renders custom header correctly 1`] = `
<div
  class="rc-calendar rc-calendar-full"
  tabindex="0"
>
  <div>
    custom header
  </div>
  <div
    class="rc-calendar-calendar-body"
  >
    <table
      cellspacing="0"
      class="rc-calendar-table"
      role="grid"
    >
      <thead>
        <tr
          role="row"
        >
          <th
            class="rc-calendar-column-header"
            role="columnheader"
            title="Sun"
          >
            <span
              class="rc-calendar-column-header-inner"
            >
              Su
            </span>
          </th>
          <th
            class="rc-calendar-column-header"
            role="columnheader"
            title="Mon"
          >
            <span
              class="rc-calendar-column-header-inner"
            >
              Mo
            </span>
          </th>
          <th
            class="rc-calendar-column-header"
            role="columnheader"
            title="Tue"
          >
            <span
              class="rc-calendar-column-header-inner"
            >
              Tu
            </span>
          </th>
          <th
            class="rc-calendar-column-header"
            role="columnheader"
            title="Wed"
          >
            <span
              class="rc-calendar-column-header-inner"
            >
              We
            </span>
          </th>
          <th
            class="rc-calendar-column-header"
            role="columnheader"
            title="Thu"
          >
            <span
              class="rc-calendar-column-header-inner"
            >
              Th
            </span>
          </th>
          <th
            class="rc-calendar-column-header"
            role="columnheader"
            title="Fri"
          >
            <span
              class="rc-calendar-column-header-inner"
            >
              Fr
            </span>
          </th>
          <th
            class="rc-calendar-column-header"
            role="columnheader"
            title="Sat"
          >
            <span
              class="rc-calendar-column-header-inner"
            >
              Sa
            </span>
          </th>
        </tr>
      </thead>
      <tbody
        class="rc-calendar-tbody"
      >
        <tr
          class=""
          role="row"
        >
          <td
            class="rc-calendar-cell rc-calendar-last-month-cell"
            role="gridcell"
            title="February 26, 2017"
          >
            <div
              aria-disabled="false"
              aria-selected="false"
              class="rc-calendar-date"
            >
              26
            </div>
          </td>
          <td
            class="rc-calendar-cell rc-calendar-last-month-cell"
            role="gridcell"
            title="February 27, 2017"
          >
            <div
              aria-disabled="false"
              aria-selected="false"
              class="rc-calendar-date"
            >
              27
            </div>
          </td>
          <td
            class="rc-calendar-cell rc-calendar-last-month-cell rc-calendar-last-day-of-month"
            role="gridcell"
            title="February 28, 2017"
          >
            <div
              aria-disabled="false"
              aria-selected="false"
              class="rc-calendar-date"
            >
              28
            </div>
          </td>
          <td
            class="rc-calendar-cell"
            role="gridcell"
            title="March 1, 2017"
          >
            <div
              aria-disabled="false"
              aria-selected="false"
              class="rc-calendar-date"
            >
              1
            </div>
          </td>
          <td
            class="rc-calendar-cell"
            role="gridcell"
            title="March 2, 2017"
          >
            <div
              aria-disabled="false"
              aria-selected="false"
              class="rc-calendar-date"
            >
              2
            </div>
          </td>
          <td
            class="rc-calendar-cell"
            role="gridcell"
            title="March 3, 2017"
          >
            <div
              aria-disabled="false"
              aria-selected="false"
              class="rc-calendar-date"
            >
              3
            </div>
          </td>
          <td
            class="rc-calendar-cell"
            role="gridcell"
            title="March 4, 2017"
          >
            <div
              aria-disabled="false"
              aria-selected="false"
              class="rc-calendar-date"
            >
              4
            </div>
          </td>
        </tr>
        <tr
          class=""
          role="row"
        >
          <td
            class="rc-calendar-cell"
            role="gridcell"
            title="March 5, 2017"
          >
            <div
              aria-disabled="false"
              aria-selected="false"
              class="rc-calendar-date"
            >
              5
            </div>
          </td>
          <td
            class="rc-calendar-cell"
            role="gridcell"
            title="March 6, 2017"
          >
            <div
              aria-disabled="false"
              aria-selected="false"
              class="rc-calendar-date"
            >
              6
            </div>
          </td>
          <td
            class="rc-calendar-cell"
            role="gridcell"
            title="March 7, 2017"
          >
            <div
              aria-disabled="false"
              aria-selected="false"
              class="rc-calendar-date"
            >
              7
            </div>
          </td>
          <td
            class="rc-calendar-cell"
            role="gridcell"
            title="March 8, 2017"
          >
            <div
              aria-disabled="false"
              aria-selected="false"
              class="rc-calendar-date"
            >
              8
            </div>
          </td>
          <td
            class="rc-calendar-cell"
            role="gridcell"
            title="March 9, 2017"
          >
            <div
              aria-disabled="false"
              aria-selected="false"
              class="rc-calendar-date"
            >
              9
            </div>
          </td>
          <td
            class="rc-calendar-cell"
            role="gridcell"
            title="March 10, 2017"
          >
            <div
              aria-disabled="false"
              aria-selected="false"
              class="rc-calendar-date"
            >
              10
            </div>
          </td>
          <td
            class="rc-calendar-cell"
            role="gridcell"
            title="March 11, 2017"
          >
            <div
              aria-disabled="false"
              aria-selected="false"
              class="rc-calendar-date"
            >
              11
            </div>
          </td>
        </tr>
        <tr
          class=""
          role="row"
        >
          <td
            class="rc-calendar-cell"
            role="gridcell"
            title="March 12, 2017"
          >
            <div
              aria-disabled="false"
              aria-selected="false"
              class="rc-calendar-date"
            >
              12
            </div>
          </td>
          <td
            class="rc-calendar-cell"
            role="gridcell"
            title="March 13, 2017"
          >
            <div
              aria-disabled="false"
              aria-selected="false"
              class="rc-calendar-date"
            >
              13
            </div>
          </td>
          <td
            class="rc-calendar-cell"
            role="gridcell"
            title="March 14, 2017"
          >
            <div
              aria-disabled="false"
              aria-selected="false"
              class="rc-calendar-date"
            >
              14
            </div>
          </td>
          <td
            class="rc-calendar-cell"
            role="gridcell"
            title="March 15, 2017"
          >
            <div
              aria-disabled="false"
              aria-selected="false"
              class="rc-calendar-date"
            >
              15
            </div>
          </td>
          <td
            class="rc-calendar-cell"
            role="gridcell"
            title="March 16, 2017"
          >
            <div
              aria-disabled="false"
              aria-selected="false"
              class="rc-calendar-date"
            >
              16
            </div>
          </td>
          <td
            class="rc-calendar-cell"
            role="gridcell"
            title="March 17, 2017"
          >
            <div
              aria-disabled="false"
              aria-selected="false"
              class="rc-calendar-date"
            >
              17
            </div>
          </td>
          <td
            class="rc-calendar-cell"
            role="gridcell"
            title="March 18, 2017"
          >
            <div
              aria-disabled="false"
              aria-selected="false"
              class="rc-calendar-date"
            >
              18
            </div>
          </td>
        </tr>
        <tr
          class=""
          role="row"
        >
          <td
            class="rc-calendar-cell"
            role="gridcell"
            title="March 19, 2017"
          >
            <div
              aria-disabled="false"
              aria-selected="false"
              class="rc-calendar-date"
            >
              19
            </div>
          </td>
          <td
            class="rc-calendar-cell"
            role="gridcell"
            title="March 20, 2017"
          >
            <div
              aria-disabled="false"
              aria-selected="false"
              class="rc-calendar-date"
            >
              20
            </div>
          </td>
          <td
            class="rc-calendar-cell"
            role="gridcell"
            title="March 21, 2017"
          >
            <div
              aria-disabled="false"
              aria-selected="false"
              class="rc-calendar-date"
            >
              21
            </div>
          </td>
          <td
            class="rc-calendar-cell"
            role="gridcell"
            title="March 22, 2017"
          >
            <div
              aria-disabled="false"
              aria-selected="false"
              class="rc-calendar-date"
            >
              22
            </div>
          </td>
          <td
            class="rc-calendar-cell"
            role="gridcell"
            title="March 23, 2017"
          >
            <div
              aria-disabled="false"
              aria-selected="false"
              class="rc-calendar-date"
            >
              23
            </div>
          </td>
          <td
            class="rc-calendar-cell"
            role="gridcell"
            title="March 24, 2017"
          >
            <div
              aria-disabled="false"
              aria-selected="false"
              class="rc-calendar-date"
            >
              24
            </div>
          </td>
          <td
            class="rc-calendar-cell"
            role="gridcell"
            title="March 25, 2017"
          >
            <div
              aria-disabled="false"
              aria-selected="false"
              class="rc-calendar-date"
            >
              25
            </div>
          </td>
        </tr>
        <tr
          class="rc-calendar-current-week rc-calendar-active-week"
          role="row"
        >
          <td
            class="rc-calendar-cell"
            role="gridcell"
            title="March 26, 2017"
          >
            <div
              aria-disabled="false"
              aria-selected="false"
              class="rc-calendar-date"
            >
              26
            </div>
          </td>
          <td
            class="rc-calendar-cell"
            role="gridcell"
            title="March 27, 2017"
          >
            <div
              aria-disabled="false"
              aria-selected="false"
              class="rc-calendar-date"
            >
              27
            </div>
          </td>
          <td
            class="rc-calendar-cell"
            role="gridcell"
            title="March 28, 2017"
          >
            <div
              aria-disabled="false"
              aria-selected="false"
              class="rc-calendar-date"
            >
              28
            </div>
          </td>
          <td
            class="rc-calendar-cell rc-calendar-today rc-calendar-selected-day"
            role="gridcell"
            title="March 29, 2017"
          >
            <div
              aria-disabled="false"
              aria-selected="true"
              class="rc-calendar-date"
            >
              29
            </div>
          </td>
          <td
            class="rc-calendar-cell"
            role="gridcell"
            title="March 30, 2017"
          >
            <div
              aria-disabled="false"
              aria-selected="false"
              class="rc-calendar-date"
            >
              30
            </div>
          </td>
          <td
            class="rc-calendar-cell rc-calendar-last-day-of-month"
            role="gridcell"
            title="March 31, 2017"
          >
            <div
              aria-disabled="false"
              aria-selected="false"
              class="rc-calendar-date"
            >
              31
            </div>
          </td>
          <td
            class="rc-calendar-cell rc-calendar-next-month-btn-day"
            role="gridcell"
            title="April 1, 2017"
          >
            <div
              aria-disabled="false"
              aria-selected="false"
              class="rc-calendar-date"
            >
              1
            </div>
          </td>
        </tr>
        <tr
          class=""
          role="row"
        >
          <td
            class="rc-calendar-cell rc-calendar-next-month-btn-day"
            role="gridcell"
            title="April 2, 2017"
          >
            <div
              aria-disabled="false"
              aria-selected="false"
              class="rc-calendar-date"
            >
              2
            </div>
          </td>
          <td
            class="rc-calendar-cell rc-calendar-next-month-btn-day"
            role="gridcell"
            title="April 3, 2017"
          >
            <div
              aria-disabled="false"
              aria-selected="false"
              class="rc-calendar-date"
            >
              3
            </div>
          </td>
          <td
            class="rc-calendar-cell rc-calendar-next-month-btn-day"
            role="gridcell"
            title="April 4, 2017"
          >
            <div
              aria-disabled="false"
              aria-selected="false"
              class="rc-calendar-date"
            >
              4
            </div>
          </td>
          <td
            class="rc-calendar-cell rc-calendar-next-month-btn-day"
            role="gridcell"
            title="April 5, 2017"
          >
            <div
              aria-disabled="false"
              aria-selected="false"
              class="rc-calendar-date"
            >
              5
            </div>
          </td>
          <td
            class="rc-calendar-cell rc-calendar-next-month-btn-day"
            role="gridcell"
            title="April 6, 2017"
          >
            <div
              aria-disabled="false"
              aria-selected="false"
              class="rc-calendar-date"
            >
              6
            </div>
          </td>
          <td
            class="rc-calendar-cell rc-calendar-next-month-btn-day"
            role="gridcell"
            title="April 7, 2017"
          >
            <div
              aria-disabled="false"
              aria-selected="false"
              class="rc-calendar-date"
            >
              7
            </div>
          </td>
          <td
            class="rc-calendar-cell rc-calendar-next-month-btn-day"
            role="gridcell"
            title="April 8, 2017"
          >
            <div
              aria-disabled="false"
              aria-selected="false"
              class="rc-calendar-date"
            >
              8
            </div>
          </td>
        </tr>
      </tbody>
    </table>
  </div>
</div>
`;

exports[`FullCalendar renders date mode correctly 1`] = `
<div
  class="rc-calendar rc-calendar-full"
  tabindex="0"
>
  <div
    class="rc-calendar-full-header"
  >
    <span
      class="rc-calendar-full-header-switcher"
    >
      <span
        class="rc-calendar-full-header-switcher-focus"
      >
        Month
      </span>
      <span
        class="rc-calendar-full-header-switcher-normal"
      >
        Year
      </span>
    </span>
    <div
      class="rc-calendar-full-header-month-select rc-select rc-select-enabled"
    >
      <div
        aria-autocomplete="list"
        aria-controls=""
        aria-expanded="false"
        aria-haspopup="true"
        class="rc-select-selection
            rc-select-selection--single"
        role="combobox"
        tabindex="0"
      >
        <div
          class="rc-select-selection__rendered"
        >
          <div
            class="rc-select-selection-selected-value"
            style="display:block;opacity:1"
            title="Mar"
          >
            Mar
          </div>
        </div>
        <span
          class="rc-select-arrow"
          style="user-select:none;-webkit-user-select:none"
          unselectable="on"
        >
          <i
            class="rc-select-arrow-icon"
          />
        </span>
      </div>
    </div>
    <div
      class="rc-calendar-full-header-year-select rc-select rc-select-enabled"
    >
      <div
        aria-autocomplete="list"
        aria-controls=""
        aria-expanded="false"
        aria-haspopup="true"
        class="rc-select-selection
            rc-select-selection--single"
        role="combobox"
        tabindex="0"
      >
        <div
          class="rc-select-selection__rendered"
        >
          <div
            class="rc-select-selection-selected-value"
            style="display:block;opacity:1"
            title=""
          >
            2017
          </div>
        </div>
        <span
          class="rc-select-arrow"
          style="user-select:none;-webkit-user-select:none"
          unselectable="on"
        >
          <i
            class="rc-select-arrow-icon"
          />
        </span>
      </div>
    </div>
  </div>
  <div
    class="rc-calendar-calendar-body"
  >
    <table
      cellspacing="0"
      class="rc-calendar-table"
      role="grid"
    >
      <thead>
        <tr
          role="row"
        >
          <th
            class="rc-calendar-column-header"
            role="columnheader"
            title="Sun"
          >
            <span
              class="rc-calendar-column-header-inner"
            >
              Su
            </span>
          </th>
          <th
            class="rc-calendar-column-header"
            role="columnheader"
            title="Mon"
          >
            <span
              class="rc-calendar-column-header-inner"
            >
              Mo
            </span>
          </th>
          <th
            class="rc-calendar-column-header"
            role="columnheader"
            title="Tue"
          >
            <span
              class="rc-calendar-column-header-inner"
            >
              Tu
            </span>
          </th>
          <th
            class="rc-calendar-column-header"
            role="columnheader"
            title="Wed"
          >
            <span
              class="rc-calendar-column-header-inner"
            >
              We
            </span>
          </th>
          <th
            class="rc-calendar-column-header"
            role="columnheader"
            title="Thu"
          >
            <span
              class="rc-calendar-column-header-inner"
            >
              Th
            </span>
          </th>
          <th
            class="rc-calendar-column-header"
            role="columnheader"
            title="Fri"
          >
            <span
              class="rc-calendar-column-header-inner"
            >
              Fr
            </span>
          </th>
          <th
            class="rc-calendar-column-header"
            role="columnheader"
            title="Sat"
          >
            <span
              class="rc-calendar-column-header-inner"
            >
              Sa
            </span>
          </th>
        </tr>
      </thead>
      <tbody
        class="rc-calendar-tbody"
      >
        <tr
          class=""
          role="row"
        >
          <td
            class="rc-calendar-cell rc-calendar-last-month-cell"
            role="gridcell"
            title="February 26, 2017"
          >
            <div
              aria-disabled="false"
              aria-selected="false"
              class="rc-calendar-date"
            >
              26
            </div>
          </td>
          <td
            class="rc-calendar-cell rc-calendar-last-month-cell"
            role="gridcell"
            title="February 27, 2017"
          >
            <div
              aria-disabled="false"
              aria-selected="false"
              class="rc-calendar-date"
            >
              27
            </div>
          </td>
          <td
            class="rc-calendar-cell rc-calendar-last-month-cell rc-calendar-last-day-of-month"
            role="gridcell"
            title="February 28, 2017"
          >
            <div
              aria-disabled="false"
              aria-selected="false"
              class="rc-calendar-date"
            >
              28
            </div>
          </td>
          <td
            class="rc-calendar-cell"
            role="gridcell"
            title="March 1, 2017"
          >
            <div
              aria-disabled="false"
              aria-selected="false"
              class="rc-calendar-date"
            >
              1
            </div>
          </td>
          <td
            class="rc-calendar-cell"
            role="gridcell"
            title="March 2, 2017"
          >
            <div
              aria-disabled="false"
              aria-selected="false"
              class="rc-calendar-date"
            >
              2
            </div>
          </td>
          <td
            class="rc-calendar-cell"
            role="gridcell"
            title="March 3, 2017"
          >
            <div
              aria-disabled="false"
              aria-selected="false"
              class="rc-calendar-date"
            >
              3
            </div>
          </td>
          <td
            class="rc-calendar-cell"
            role="gridcell"
            title="March 4, 2017"
          >
            <div
              aria-disabled="false"
              aria-selected="false"
              class="rc-calendar-date"
            >
              4
            </div>
          </td>
        </tr>
        <tr
          class=""
          role="row"
        >
          <td
            class="rc-calendar-cell"
            role="gridcell"
            title="March 5, 2017"
          >
            <div
              aria-disabled="false"
              aria-selected="false"
              class="rc-calendar-date"
            >
              5
            </div>
          </td>
          <td
            class="rc-calendar-cell"
            role="gridcell"
            title="March 6, 2017"
          >
            <div
              aria-disabled="false"
              aria-selected="false"
              class="rc-calendar-date"
            >
              6
            </div>
          </td>
          <td
            class="rc-calendar-cell"
            role="gridcell"
            title="March 7, 2017"
          >
            <div
              aria-disabled="false"
              aria-selected="false"
              class="rc-calendar-date"
            >
              7
            </div>
          </td>
          <td
            class="rc-calendar-cell"
            role="gridcell"
            title="March 8, 2017"
          >
            <div
              aria-disabled="false"
              aria-selected="false"
              class="rc-calendar-date"
            >
              8
            </div>
          </td>
          <td
            class="rc-calendar-cell"
            role="gridcell"
            title="March 9, 2017"
          >
            <div
              aria-disabled="false"
              aria-selected="false"
              class="rc-calendar-date"
            >
              9
            </div>
          </td>
          <td
            class="rc-calendar-cell"
            role="gridcell"
            title="March 10, 2017"
          >
            <div
              aria-disabled="false"
              aria-selected="false"
              class="rc-calendar-date"
            >
              10
            </div>
          </td>
          <td
            class="rc-calendar-cell"
            role="gridcell"
            title="March 11, 2017"
          >
            <div
              aria-disabled="false"
              aria-selected="false"
              class="rc-calendar-date"
            >
              11
            </div>
          </td>
        </tr>
        <tr
          class=""
          role="row"
        >
          <td
            class="rc-calendar-cell"
            role="gridcell"
            title="March 12, 2017"
          >
            <div
              aria-disabled="false"
              aria-selected="false"
              class="rc-calendar-date"
            >
              12
            </div>
          </td>
          <td
            class="rc-calendar-cell"
            role="gridcell"
            title="March 13, 2017"
          >
            <div
              aria-disabled="false"
              aria-selected="false"
              class="rc-calendar-date"
            >
              13
            </div>
          </td>
          <td
            class="rc-calendar-cell"
            role="gridcell"
            title="March 14, 2017"
          >
            <div
              aria-disabled="false"
              aria-selected="false"
              class="rc-calendar-date"
            >
              14
            </div>
          </td>
          <td
            class="rc-calendar-cell"
            role="gridcell"
            title="March 15, 2017"
          >
            <div
              aria-disabled="false"
              aria-selected="false"
              class="rc-calendar-date"
            >
              15
            </div>
          </td>
          <td
            class="rc-calendar-cell"
            role="gridcell"
            title="March 16, 2017"
          >
            <div
              aria-disabled="false"
              aria-selected="false"
              class="rc-calendar-date"
            >
              16
            </div>
          </td>
          <td
            class="rc-calendar-cell"
            role="gridcell"
            title="March 17, 2017"
          >
            <div
              aria-disabled="false"
              aria-selected="false"
              class="rc-calendar-date"
            >
              17
            </div>
          </td>
          <td
            class="rc-calendar-cell"
            role="gridcell"
            title="March 18, 2017"
          >
            <div
              aria-disabled="false"
              aria-selected="false"
              class="rc-calendar-date"
            >
              18
            </div>
          </td>
        </tr>
        <tr
          class=""
          role="row"
        >
          <td
            class="rc-calendar-cell"
            role="gridcell"
            title="March 19, 2017"
          >
            <div
              aria-disabled="false"
              aria-selected="false"
              class="rc-calendar-date"
            >
              19
            </div>
          </td>
          <td
            class="rc-calendar-cell"
            role="gridcell"
            title="March 20, 2017"
          >
            <div
              aria-disabled="false"
              aria-selected="false"
              class="rc-calendar-date"
            >
              20
            </div>
          </td>
          <td
            class="rc-calendar-cell"
            role="gridcell"
            title="March 21, 2017"
          >
            <div
              aria-disabled="false"
              aria-selected="false"
              class="rc-calendar-date"
            >
              21
            </div>
          </td>
          <td
            class="rc-calendar-cell"
            role="gridcell"
            title="March 22, 2017"
          >
            <div
              aria-disabled="false"
              aria-selected="false"
              class="rc-calendar-date"
            >
              22
            </div>
          </td>
          <td
            class="rc-calendar-cell"
            role="gridcell"
            title="March 23, 2017"
          >
            <div
              aria-disabled="false"
              aria-selected="false"
              class="rc-calendar-date"
            >
              23
            </div>
          </td>
          <td
            class="rc-calendar-cell"
            role="gridcell"
            title="March 24, 2017"
          >
            <div
              aria-disabled="false"
              aria-selected="false"
              class="rc-calendar-date"
            >
              24
            </div>
          </td>
          <td
            class="rc-calendar-cell"
            role="gridcell"
            title="March 25, 2017"
          >
            <div
              aria-disabled="false"
              aria-selected="false"
              class="rc-calendar-date"
            >
              25
            </div>
          </td>
        </tr>
        <tr
          class="rc-calendar-current-week rc-calendar-active-week"
          role="row"
        >
          <td
            class="rc-calendar-cell"
            role="gridcell"
            title="March 26, 2017"
          >
            <div
              aria-disabled="false"
              aria-selected="false"
              class="rc-calendar-date"
            >
              26
            </div>
          </td>
          <td
            class="rc-calendar-cell"
            role="gridcell"
            title="March 27, 2017"
          >
            <div
              aria-disabled="false"
              aria-selected="false"
              class="rc-calendar-date"
            >
              27
            </div>
          </td>
          <td
            class="rc-calendar-cell"
            role="gridcell"
            title="March 28, 2017"
          >
            <div
              aria-disabled="false"
              aria-selected="false"
              class="rc-calendar-date"
            >
              28
            </div>
          </td>
          <td
            class="rc-calendar-cell rc-calendar-today rc-calendar-selected-day"
            role="gridcell"
            title="March 29, 2017"
          >
            <div
              aria-disabled="false"
              aria-selected="true"
              class="rc-calendar-date"
            >
              29
            </div>
          </td>
          <td
            class="rc-calendar-cell"
            role="gridcell"
            title="March 30, 2017"
          >
            <div
              aria-disabled="false"
              aria-selected="false"
              class="rc-calendar-date"
            >
              30
            </div>
          </td>
          <td
            class="rc-calendar-cell rc-calendar-last-day-of-month"
            role="gridcell"
            title="March 31, 2017"
          >
            <div
              aria-disabled="false"
              aria-selected="false"
              class="rc-calendar-date"
            >
              31
            </div>
          </td>
          <td
            class="rc-calendar-cell rc-calendar-next-month-btn-day"
            role="gridcell"
            title="April 1, 2017"
          >
            <div
              aria-disabled="false"
              aria-selected="false"
              class="rc-calendar-date"
            >
              1
            </div>
          </td>
        </tr>
        <tr
          class=""
          role="row"
        >
          <td
            class="rc-calendar-cell rc-calendar-next-month-btn-day"
            role="gridcell"
            title="April 2, 2017"
          >
            <div
              aria-disabled="false"
              aria-selected="false"
              class="rc-calendar-date"
            >
              2
            </div>
          </td>
          <td
            class="rc-calendar-cell rc-calendar-next-month-btn-day"
            role="gridcell"
            title="April 3, 2017"
          >
            <div
              aria-disabled="false"
              aria-selected="false"
              class="rc-calendar-date"
            >
              3
            </div>
          </td>
          <td
            class="rc-calendar-cell rc-calendar-next-month-btn-day"
            role="gridcell"
            title="April 4, 2017"
          >
            <div
              aria-disabled="false"
              aria-selected="false"
              class="rc-calendar-date"
            >
              4
            </div>
          </td>
          <td
            class="rc-calendar-cell rc-calendar-next-month-btn-day"
            role="gridcell"
            title="April 5, 2017"
          >
            <div
              aria-disabled="false"
              aria-selected="false"
              class="rc-calendar-date"
            >
              5
            </div>
          </td>
          <td
            class="rc-calendar-cell rc-calendar-next-month-btn-day"
            role="gridcell"
            title="April 6, 2017"
          >
            <div
              aria-disabled="false"
              aria-selected="false"
              class="rc-calendar-date"
            >
              6
            </div>
          </td>
          <td
            class="rc-calendar-cell rc-calendar-next-month-btn-day"
            role="gridcell"
            title="April 7, 2017"
          >
            <div
              aria-disabled="false"
              aria-selected="false"
              class="rc-calendar-date"
            >
              7
            </div>
          </td>
          <td
            class="rc-calendar-cell rc-calendar-next-month-btn-day"
            role="gridcell"
            title="April 8, 2017"
          >
            <div
              aria-disabled="false"
              aria-selected="false"
              class="rc-calendar-date"
            >
              8
            </div>
          </td>
        </tr>
      </tbody>
    </table>
  </div>
</div>
`;

exports[`FullCalendar renders fullscreen correctly 1`] = `
<div
  class="rc-calendar rc-calendar-full rc-calendar-fullscreen"
  tabindex="0"
>
  <div
    class="rc-calendar-full-header"
  >
    <span
      class="rc-calendar-full-header-switcher"
    >
      <span
        class="rc-calendar-full-header-switcher-focus"
      >
        Month
      </span>
      <span
        class="rc-calendar-full-header-switcher-normal"
      >
        Year
      </span>
    </span>
    <div
      class="rc-calendar-full-header-month-select rc-select rc-select-enabled"
    >
      <div
        aria-autocomplete="list"
        aria-controls=""
        aria-expanded="false"
        aria-haspopup="true"
        class="rc-select-selection
            rc-select-selection--single"
        role="combobox"
        tabindex="0"
      >
        <div
          class="rc-select-selection__rendered"
        >
          <div
            class="rc-select-selection-selected-value"
            style="display:block;opacity:1"
            title="Mar"
          >
            Mar
          </div>
        </div>
        <span
          class="rc-select-arrow"
          style="user-select:none;-webkit-user-select:none"
          unselectable="on"
        >
          <i
            class="rc-select-arrow-icon"
          />
        </span>
      </div>
    </div>
    <div
      class="rc-calendar-full-header-year-select rc-select rc-select-enabled"
    >
      <div
        aria-autocomplete="list"
        aria-controls=""
        aria-expanded="false"
        aria-haspopup="true"
        class="rc-select-selection
            rc-select-selection--single"
        role="combobox"
        tabindex="0"
      >
        <div
          class="rc-select-selection__rendered"
        >
          <div
            class="rc-select-selection-selected-value"
            style="display:block;opacity:1"
            title=""
          >
            2017
          </div>
        </div>
        <span
          class="rc-select-arrow"
          style="user-select:none;-webkit-user-select:none"
          unselectable="on"
        >
          <i
            class="rc-select-arrow-icon"
          />
        </span>
      </div>
    </div>
  </div>
  <div
    class="rc-calendar-calendar-body"
  >
    <table
      cellspacing="0"
      class="rc-calendar-table"
      role="grid"
    >
      <thead>
        <tr
          role="row"
        >
          <th
            class="rc-calendar-column-header"
            role="columnheader"
            title="Sun"
          >
            <span
              class="rc-calendar-column-header-inner"
            >
              Su
            </span>
          </th>
          <th
            class="rc-calendar-column-header"
            role="columnheader"
            title="Mon"
          >
            <span
              class="rc-calendar-column-header-inner"
            >
              Mo
            </span>
          </th>
          <th
            class="rc-calendar-column-header"
            role="columnheader"
            title="Tue"
          >
            <span
              class="rc-calendar-column-header-inner"
            >
              Tu
            </span>
          </th>
          <th
            class="rc-calendar-column-header"
            role="columnheader"
            title="Wed"
          >
            <span
              class="rc-calendar-column-header-inner"
            >
              We
            </span>
          </th>
          <th
            class="rc-calendar-column-header"
            role="columnheader"
            title="Thu"
          >
            <span
              class="rc-calendar-column-header-inner"
            >
              Th
            </span>
          </th>
          <th
            class="rc-calendar-column-header"
            role="columnheader"
            title="Fri"
          >
            <span
              class="rc-calendar-column-header-inner"
            >
              Fr
            </span>
          </th>
          <th
            class="rc-calendar-column-header"
            role="columnheader"
            title="Sat"
          >
            <span
              class="rc-calendar-column-header-inner"
            >
              Sa
            </span>
          </th>
        </tr>
      </thead>
      <tbody
        class="rc-calendar-tbody"
      >
        <tr
          class=""
          role="row"
        >
          <td
            class="rc-calendar-cell rc-calendar-last-month-cell"
            role="gridcell"
            title="February 26, 2017"
          >
            <div
              aria-disabled="false"
              aria-selected="false"
              class="rc-calendar-date"
            >
              26
            </div>
          </td>
          <td
            class="rc-calendar-cell rc-calendar-last-month-cell"
            role="gridcell"
            title="February 27, 2017"
          >
            <div
              aria-disabled="false"
              aria-selected="false"
              class="rc-calendar-date"
            >
              27
            </div>
          </td>
          <td
            class="rc-calendar-cell rc-calendar-last-month-cell rc-calendar-last-day-of-month"
            role="gridcell"
            title="February 28, 2017"
          >
            <div
              aria-disabled="false"
              aria-selected="false"
              class="rc-calendar-date"
            >
              28
            </div>
          </td>
          <td
            class="rc-calendar-cell"
            role="gridcell"
            title="March 1, 2017"
          >
            <div
              aria-disabled="false"
              aria-selected="false"
              class="rc-calendar-date"
            >
              1
            </div>
          </td>
          <td
            class="rc-calendar-cell"
            role="gridcell"
            title="March 2, 2017"
          >
            <div
              aria-disabled="false"
              aria-selected="false"
              class="rc-calendar-date"
            >
              2
            </div>
          </td>
          <td
            class="rc-calendar-cell"
            role="gridcell"
            title="March 3, 2017"
          >
            <div
              aria-disabled="false"
              aria-selected="false"
              class="rc-calendar-date"
            >
              3
            </div>
          </td>
          <td
            class="rc-calendar-cell"
            role="gridcell"
            title="March 4, 2017"
          >
            <div
              aria-disabled="false"
              aria-selected="false"
              class="rc-calendar-date"
            >
              4
            </div>
          </td>
        </tr>
        <tr
          class=""
          role="row"
        >
          <td
            class="rc-calendar-cell"
            role="gridcell"
            title="March 5, 2017"
          >
            <div
              aria-disabled="false"
              aria-selected="false"
              class="rc-calendar-date"
            >
              5
            </div>
          </td>
          <td
            class="rc-calendar-cell"
            role="gridcell"
            title="March 6, 2017"
          >
            <div
              aria-disabled="false"
              aria-selected="false"
              class="rc-calendar-date"
            >
              6
            </div>
          </td>
          <td
            class="rc-calendar-cell"
            role="gridcell"
            title="March 7, 2017"
          >
            <div
              aria-disabled="false"
              aria-selected="false"
              class="rc-calendar-date"
            >
              7
            </div>
          </td>
          <td
            class="rc-calendar-cell"
            role="gridcell"
            title="March 8, 2017"
          >
            <div
              aria-disabled="false"
              aria-selected="false"
              class="rc-calendar-date"
            >
              8
            </div>
          </td>
          <td
            class="rc-calendar-cell"
            role="gridcell"
            title="March 9, 2017"
          >
            <div
              aria-disabled="false"
              aria-selected="false"
              class="rc-calendar-date"
            >
              9
            </div>
          </td>
          <td
            class="rc-calendar-cell"
            role="gridcell"
            title="March 10, 2017"
          >
            <div
              aria-disabled="false"
              aria-selected="false"
              class="rc-calendar-date"
            >
              10
            </div>
          </td>
          <td
            class="rc-calendar-cell"
            role="gridcell"
            title="March 11, 2017"
          >
            <div
              aria-disabled="false"
              aria-selected="false"
              class="rc-calendar-date"
            >
              11
            </div>
          </td>
        </tr>
        <tr
          class=""
          role="row"
        >
          <td
            class="rc-calendar-cell"
            role="gridcell"
            title="March 12, 2017"
          >
            <div
              aria-disabled="false"
              aria-selected="false"
              class="rc-calendar-date"
            >
              12
            </div>
          </td>
          <td
            class="rc-calendar-cell"
            role="gridcell"
            title="March 13, 2017"
          >
            <div
              aria-disabled="false"
              aria-selected="false"
              class="rc-calendar-date"
            >
              13
            </div>
          </td>
          <td
            class="rc-calendar-cell"
            role="gridcell"
            title="March 14, 2017"
          >
            <div
              aria-disabled="false"
              aria-selected="false"
              class="rc-calendar-date"
            >
              14
            </div>
          </td>
          <td
            class="rc-calendar-cell"
            role="gridcell"
            title="March 15, 2017"
          >
            <div
              aria-disabled="false"
              aria-selected="false"
              class="rc-calendar-date"
            >
              15
            </div>
          </td>
          <td
            class="rc-calendar-cell"
            role="gridcell"
            title="March 16, 2017"
          >
            <div
              aria-disabled="false"
              aria-selected="false"
              class="rc-calendar-date"
            >
              16
            </div>
          </td>
          <td
            class="rc-calendar-cell"
            role="gridcell"
            title="March 17, 2017"
          >
            <div
              aria-disabled="false"
              aria-selected="false"
              class="rc-calendar-date"
            >
              17
            </div>
          </td>
          <td
            class="rc-calendar-cell"
            role="gridcell"
            title="March 18, 2017"
          >
            <div
              aria-disabled="false"
              aria-selected="false"
              class="rc-calendar-date"
            >
              18
            </div>
          </td>
        </tr>
        <tr
          class=""
          role="row"
        >
          <td
            class="rc-calendar-cell"
            role="gridcell"
            title="March 19, 2017"
          >
            <div
              aria-disabled="false"
              aria-selected="false"
              class="rc-calendar-date"
            >
              19
            </div>
          </td>
          <td
            class="rc-calendar-cell"
            role="gridcell"
            title="March 20, 2017"
          >
            <div
              aria-disabled="false"
              aria-selected="false"
              class="rc-calendar-date"
            >
              20
            </div>
          </td>
          <td
            class="rc-calendar-cell"
            role="gridcell"
            title="March 21, 2017"
          >
            <div
              aria-disabled="false"
              aria-selected="false"
              class="rc-calendar-date"
            >
              21
            </div>
          </td>
          <td
            class="rc-calendar-cell"
            role="gridcell"
            title="March 22, 2017"
          >
            <div
              aria-disabled="false"
              aria-selected="false"
              class="rc-calendar-date"
            >
              22
            </div>
          </td>
          <td
            class="rc-calendar-cell"
            role="gridcell"
            title="March 23, 2017"
          >
            <div
              aria-disabled="false"
              aria-selected="false"
              class="rc-calendar-date"
            >
              23
            </div>
          </td>
          <td
            class="rc-calendar-cell"
            role="gridcell"
            title="March 24, 2017"
          >
            <div
              aria-disabled="false"
              aria-selected="false"
              class="rc-calendar-date"
            >
              24
            </div>
          </td>
          <td
            class="rc-calendar-cell"
            role="gridcell"
            title="March 25, 2017"
          >
            <div
              aria-disabled="false"
              aria-selected="false"
              class="rc-calendar-date"
            >
              25
            </div>
          </td>
        </tr>
        <tr
          class="rc-calendar-current-week rc-calendar-active-week"
          role="row"
        >
          <td
            class="rc-calendar-cell"
            role="gridcell"
            title="March 26, 2017"
          >
            <div
              aria-disabled="false"
              aria-selected="false"
              class="rc-calendar-date"
            >
              26
            </div>
          </td>
          <td
            class="rc-calendar-cell"
            role="gridcell"
            title="March 27, 2017"
          >
            <div
              aria-disabled="false"
              aria-selected="false"
              class="rc-calendar-date"
            >
              27
            </div>
          </td>
          <td
            class="rc-calendar-cell"
            role="gridcell"
            title="March 28, 2017"
          >
            <div
              aria-disabled="false"
              aria-selected="false"
              class="rc-calendar-date"
            >
              28
            </div>
          </td>
          <td
            class="rc-calendar-cell rc-calendar-today rc-calendar-selected-day"
            role="gridcell"
            title="March 29, 2017"
          >
            <div
              aria-disabled="false"
              aria-selected="true"
              class="rc-calendar-date"
            >
              29
            </div>
          </td>
          <td
            class="rc-calendar-cell"
            role="gridcell"
            title="March 30, 2017"
          >
            <div
              aria-disabled="false"
              aria-selected="false"
              class="rc-calendar-date"
            >
              30
            </div>
          </td>
          <td
            class="rc-calendar-cell rc-calendar-last-day-of-month"
            role="gridcell"
            title="March 31, 2017"
          >
            <div
              aria-disabled="false"
              aria-selected="false"
              class="rc-calendar-date"
            >
              31
            </div>
          </td>
          <td
            class="rc-calendar-cell rc-calendar-next-month-btn-day"
            role="gridcell"
            title="April 1, 2017"
          >
            <div
              aria-disabled="false"
              aria-selected="false"
              class="rc-calendar-date"
            >
              1
            </div>
          </td>
        </tr>
        <tr
          class=""
          role="row"
        >
          <td
            class="rc-calendar-cell rc-calendar-next-month-btn-day"
            role="gridcell"
            title="April 2, 2017"
          >
            <div
              aria-disabled="false"
              aria-selected="false"
              class="rc-calendar-date"
            >
              2
            </div>
          </td>
          <td
            class="rc-calendar-cell rc-calendar-next-month-btn-day"
            role="gridcell"
            title="April 3, 2017"
          >
            <div
              aria-disabled="false"
              aria-selected="false"
              class="rc-calendar-date"
            >
              3
            </div>
          </td>
          <td
            class="rc-calendar-cell rc-calendar-next-month-btn-day"
            role="gridcell"
            title="April 4, 2017"
          >
            <div
              aria-disabled="false"
              aria-selected="false"
              class="rc-calendar-date"
            >
              4
            </div>
          </td>
          <td
            class="rc-calendar-cell rc-calendar-next-month-btn-day"
            role="gridcell"
            title="April 5, 2017"
          >
            <div
              aria-disabled="false"
              aria-selected="false"
              class="rc-calendar-date"
            >
              5
            </div>
          </td>
          <td
            class="rc-calendar-cell rc-calendar-next-month-btn-day"
            role="gridcell"
            title="April 6, 2017"
          >
            <div
              aria-disabled="false"
              aria-selected="false"
              class="rc-calendar-date"
            >
              6
            </div>
          </td>
          <td
            class="rc-calendar-cell rc-calendar-next-month-btn-day"
            role="gridcell"
            title="April 7, 2017"
          >
            <div
              aria-disabled="false"
              aria-selected="false"
              class="rc-calendar-date"
            >
              7
            </div>
          </td>
          <td
            class="rc-calendar-cell rc-calendar-next-month-btn-day"
            role="gridcell"
            title="April 8, 2017"
          >
            <div
              aria-disabled="false"
              aria-selected="false"
              class="rc-calendar-date"
            >
              8
            </div>
          </td>
        </tr>
      </tbody>
    </table>
  </div>
</div>
`;

exports[`FullCalendar renders month mode correctly 1`] = `
<div
  class="rc-calendar rc-calendar-full"
  tabindex="0"
>
  <div
    class="rc-calendar-full-header"
  >
    <span
      class="rc-calendar-full-header-switcher"
    >
      <span
        class="rc-calendar-full-header-switcher-normal"
      >
        Month
      </span>
      <span
        class="rc-calendar-full-header-switcher-focus"
      >
        Year
      </span>
    </span>
    <div
      class="rc-calendar-full-header-year-select rc-select rc-select-enabled"
    >
      <div
        aria-autocomplete="list"
        aria-controls=""
        aria-expanded="false"
        aria-haspopup="true"
        class="rc-select-selection
            rc-select-selection--single"
        role="combobox"
        tabindex="0"
      >
        <div
          class="rc-select-selection__rendered"
        >
          <div
            class="rc-select-selection-selected-value"
            style="display:block;opacity:1"
            title=""
          >
            2017
          </div>
        </div>
        <span
          class="rc-select-arrow"
          style="user-select:none;-webkit-user-select:none"
          unselectable="on"
        >
          <i
            class="rc-select-arrow-icon"
          />
        </span>
      </div>
    </div>
  </div>
  <div
    class="rc-calendar-calendar-body"
  >
    <table
      cellspacing="0"
      class="rc-calendar-month-panel-table"
      role="grid"
    >
      <tbody
        class="rc-calendar-month-panel-tbody"
      >
        <tr
          role="row"
        >
          <td
            class="rc-calendar-month-panel-cell"
            role="gridcell"
            title="Jan"
          >
            <a
              class="rc-calendar-month-panel-month"
            >
              Jan
            </a>
          </td>
          <td
            class="rc-calendar-month-panel-cell"
            role="gridcell"
            title="Feb"
          >
            <a
              class="rc-calendar-month-panel-month"
            >
              Feb
            </a>
          </td>
          <td
            class="rc-calendar-month-panel-cell rc-calendar-month-panel-selected-cell rc-calendar-month-panel-current-cell"
            role="gridcell"
            title="Mar"
          >
            <a
              class="rc-calendar-month-panel-month"
            >
              Mar
            </a>
          </td>
        </tr>
        <tr
          role="row"
        >
          <td
            class="rc-calendar-month-panel-cell"
            role="gridcell"
            title="Apr"
          >
            <a
              class="rc-calendar-month-panel-month"
            >
              Apr
            </a>
          </td>
          <td
            class="rc-calendar-month-panel-cell"
            role="gridcell"
            title="May"
          >
            <a
              class="rc-calendar-month-panel-month"
            >
              May
            </a>
          </td>
          <td
            class="rc-calendar-month-panel-cell"
            role="gridcell"
            title="Jun"
          >
            <a
              class="rc-calendar-month-panel-month"
            >
              Jun
            </a>
          </td>
        </tr>
        <tr
          role="row"
        >
          <td
            class="rc-calendar-month-panel-cell"
            role="gridcell"
            title="Jul"
          >
            <a
              class="rc-calendar-month-panel-month"
            >
              Jul
            </a>
          </td>
          <td
            class="rc-calendar-month-panel-cell"
            role="gridcell"
            title="Aug"
          >
            <a
              class="rc-calendar-month-panel-month"
            >
              Aug
            </a>
          </td>
          <td
            class="rc-calendar-month-panel-cell"
            role="gridcell"
            title="Sep"
          >
            <a
              class="rc-calendar-month-panel-month"
            >
              Sep
            </a>
          </td>
        </tr>
        <tr
          role="row"
        >
          <td
            class="rc-calendar-month-panel-cell"
            role="gridcell"
            title="Oct"
          >
            <a
              class="rc-calendar-month-panel-month"
            >
              Oct
            </a>
          </td>
          <td
            class="rc-calendar-month-panel-cell"
            role="gridcell"
            title="Nov"
          >
            <a
              class="rc-calendar-month-panel-month"
            >
              Nov
            </a>
          </td>
          <td
            class="rc-calendar-month-panel-cell"
            role="gridcell"
            title="Dec"
          >
            <a
              class="rc-calendar-month-panel-month"
            >
              Dec
            </a>
          </td>
        </tr>
      </tbody>
    </table>
  </div>
</div>
`;

exports[`FullCalendar type renders defaultType correctly 1`] = `
<div
  class="rc-calendar rc-calendar-full"
  tabindex="0"
>
  <div
    class="rc-calendar-full-header"
  >
    <span
      class="rc-calendar-full-header-switcher"
    >
      <span
        class="rc-calendar-full-header-switcher-focus"
      >
        Month
      </span>
      <span
        class="rc-calendar-full-header-switcher-normal"
      >
        Year
      </span>
    </span>
    <div
      class="rc-calendar-full-header-month-select rc-select rc-select-enabled"
    >
      <div
        aria-autocomplete="list"
        aria-controls=""
        aria-expanded="false"
        aria-haspopup="true"
        class="rc-select-selection
            rc-select-selection--single"
        role="combobox"
        tabindex="0"
      >
        <div
          class="rc-select-selection__rendered"
        >
          <div
            class="rc-select-selection-selected-value"
            style="display:block;opacity:1"
            title="Mar"
          >
            Mar
          </div>
        </div>
        <span
          class="rc-select-arrow"
          style="user-select:none;-webkit-user-select:none"
          unselectable="on"
        >
          <i
            class="rc-select-arrow-icon"
          />
        </span>
      </div>
    </div>
    <div
      class="rc-calendar-full-header-year-select rc-select rc-select-enabled"
    >
      <div
        aria-autocomplete="list"
        aria-controls=""
        aria-expanded="false"
        aria-haspopup="true"
        class="rc-select-selection
            rc-select-selection--single"
        role="combobox"
        tabindex="0"
      >
        <div
          class="rc-select-selection__rendered"
        >
          <div
            class="rc-select-selection-selected-value"
            style="display:block;opacity:1"
            title=""
          >
            2017
          </div>
        </div>
        <span
          class="rc-select-arrow"
          style="user-select:none;-webkit-user-select:none"
          unselectable="on"
        >
          <i
            class="rc-select-arrow-icon"
          />
        </span>
      </div>
    </div>
  </div>
  <div
    class="rc-calendar-calendar-body"
  >
    <table
      cellspacing="0"
      class="rc-calendar-table"
      role="grid"
    >
      <thead>
        <tr
          role="row"
        >
          <th
            class="rc-calendar-column-header"
            role="columnheader"
            title="Sun"
          >
            <span
              class="rc-calendar-column-header-inner"
            >
              Su
            </span>
          </th>
          <th
            class="rc-calendar-column-header"
            role="columnheader"
            title="Mon"
          >
            <span
              class="rc-calendar-column-header-inner"
            >
              Mo
            </span>
          </th>
          <th
            class="rc-calendar-column-header"
            role="columnheader"
            title="Tue"
          >
            <span
              class="rc-calendar-column-header-inner"
            >
              Tu
            </span>
          </th>
          <th
            class="rc-calendar-column-header"
            role="columnheader"
            title="Wed"
          >
            <span
              class="rc-calendar-column-header-inner"
            >
              We
            </span>
          </th>
          <th
            class="rc-calendar-column-header"
            role="columnheader"
            title="Thu"
          >
            <span
              class="rc-calendar-column-header-inner"
            >
              Th
            </span>
          </th>
          <th
            class="rc-calendar-column-header"
            role="columnheader"
            title="Fri"
          >
            <span
              class="rc-calendar-column-header-inner"
            >
              Fr
            </span>
          </th>
          <th
            class="rc-calendar-column-header"
            role="columnheader"
            title="Sat"
          >
            <span
              class="rc-calendar-column-header-inner"
            >
              Sa
            </span>
          </th>
        </tr>
      </thead>
      <tbody
        class="rc-calendar-tbody"
      >
        <tr
          class=""
          role="row"
        >
          <td
            class="rc-calendar-cell rc-calendar-last-month-cell"
            role="gridcell"
            title="February 26, 2017"
          >
            <div
              aria-disabled="false"
              aria-selected="false"
              class="rc-calendar-date"
            >
              26
            </div>
          </td>
          <td
            class="rc-calendar-cell rc-calendar-last-month-cell"
            role="gridcell"
            title="February 27, 2017"
          >
            <div
              aria-disabled="false"
              aria-selected="false"
              class="rc-calendar-date"
            >
              27
            </div>
          </td>
          <td
            class="rc-calendar-cell rc-calendar-last-month-cell rc-calendar-last-day-of-month"
            role="gridcell"
            title="February 28, 2017"
          >
            <div
              aria-disabled="false"
              aria-selected="false"
              class="rc-calendar-date"
            >
              28
            </div>
          </td>
          <td
            class="rc-calendar-cell"
            role="gridcell"
            title="March 1, 2017"
          >
            <div
              aria-disabled="false"
              aria-selected="false"
              class="rc-calendar-date"
            >
              1
            </div>
          </td>
          <td
            class="rc-calendar-cell"
            role="gridcell"
            title="March 2, 2017"
          >
            <div
              aria-disabled="false"
              aria-selected="false"
              class="rc-calendar-date"
            >
              2
            </div>
          </td>
          <td
            class="rc-calendar-cell"
            role="gridcell"
            title="March 3, 2017"
          >
            <div
              aria-disabled="false"
              aria-selected="false"
              class="rc-calendar-date"
            >
              3
            </div>
          </td>
          <td
            class="rc-calendar-cell"
            role="gridcell"
            title="March 4, 2017"
          >
            <div
              aria-disabled="false"
              aria-selected="false"
              class="rc-calendar-date"
            >
              4
            </div>
          </td>
        </tr>
        <tr
          class=""
          role="row"
        >
          <td
            class="rc-calendar-cell"
            role="gridcell"
            title="March 5, 2017"
          >
            <div
              aria-disabled="false"
              aria-selected="false"
              class="rc-calendar-date"
            >
              5
            </div>
          </td>
          <td
            class="rc-calendar-cell"
            role="gridcell"
            title="March 6, 2017"
          >
            <div
              aria-disabled="false"
              aria-selected="false"
              class="rc-calendar-date"
            >
              6
            </div>
          </td>
          <td
            class="rc-calendar-cell"
            role="gridcell"
            title="March 7, 2017"
          >
            <div
              aria-disabled="false"
              aria-selected="false"
              class="rc-calendar-date"
            >
              7
            </div>
          </td>
          <td
            class="rc-calendar-cell"
            role="gridcell"
            title="March 8, 2017"
          >
            <div
              aria-disabled="false"
              aria-selected="false"
              class="rc-calendar-date"
            >
              8
            </div>
          </td>
          <td
            class="rc-calendar-cell"
            role="gridcell"
            title="March 9, 2017"
          >
            <div
              aria-disabled="false"
              aria-selected="false"
              class="rc-calendar-date"
            >
              9
            </div>
          </td>
          <td
            class="rc-calendar-cell"
            role="gridcell"
            title="March 10, 2017"
          >
            <div
              aria-disabled="false"
              aria-selected="false"
              class="rc-calendar-date"
            >
              10
            </div>
          </td>
          <td
            class="rc-calendar-cell"
            role="gridcell"
            title="March 11, 2017"
          >
            <div
              aria-disabled="false"
              aria-selected="false"
              class="rc-calendar-date"
            >
              11
            </div>
          </td>
        </tr>
        <tr
          class=""
          role="row"
        >
          <td
            class="rc-calendar-cell"
            role="gridcell"
            title="March 12, 2017"
          >
            <div
              aria-disabled="false"
              aria-selected="false"
              class="rc-calendar-date"
            >
              12
            </div>
          </td>
          <td
            class="rc-calendar-cell"
            role="gridcell"
            title="March 13, 2017"
          >
            <div
              aria-disabled="false"
              aria-selected="false"
              class="rc-calendar-date"
            >
              13
            </div>
          </td>
          <td
            class="rc-calendar-cell"
            role="gridcell"
            title="March 14, 2017"
          >
            <div
              aria-disabled="false"
              aria-selected="false"
              class="rc-calendar-date"
            >
              14
            </div>
          </td>
          <td
            class="rc-calendar-cell"
            role="gridcell"
            title="March 15, 2017"
          >
            <div
              aria-disabled="false"
              aria-selected="false"
              class="rc-calendar-date"
            >
              15
            </div>
          </td>
          <td
            class="rc-calendar-cell"
            role="gridcell"
            title="March 16, 2017"
          >
            <div
              aria-disabled="false"
              aria-selected="false"
              class="rc-calendar-date"
            >
              16
            </div>
          </td>
          <td
            class="rc-calendar-cell"
            role="gridcell"
            title="March 17, 2017"
          >
            <div
              aria-disabled="false"
              aria-selected="false"
              class="rc-calendar-date"
            >
              17
            </div>
          </td>
          <td
            class="rc-calendar-cell"
            role="gridcell"
            title="March 18, 2017"
          >
            <div
              aria-disabled="false"
              aria-selected="false"
              class="rc-calendar-date"
            >
              18
            </div>
          </td>
        </tr>
        <tr
          class=""
          role="row"
        >
          <td
            class="rc-calendar-cell"
            role="gridcell"
            title="March 19, 2017"
          >
            <div
              aria-disabled="false"
              aria-selected="false"
              class="rc-calendar-date"
            >
              19
            </div>
          </td>
          <td
            class="rc-calendar-cell"
            role="gridcell"
            title="March 20, 2017"
          >
            <div
              aria-disabled="false"
              aria-selected="false"
              class="rc-calendar-date"
            >
              20
            </div>
          </td>
          <td
            class="rc-calendar-cell"
            role="gridcell"
            title="March 21, 2017"
          >
            <div
              aria-disabled="false"
              aria-selected="false"
              class="rc-calendar-date"
            >
              21
            </div>
          </td>
          <td
            class="rc-calendar-cell"
            role="gridcell"
            title="March 22, 2017"
          >
            <div
              aria-disabled="false"
              aria-selected="false"
              class="rc-calendar-date"
            >
              22
            </div>
          </td>
          <td
            class="rc-calendar-cell"
            role="gridcell"
            title="March 23, 2017"
          >
            <div
              aria-disabled="false"
              aria-selected="false"
              class="rc-calendar-date"
            >
              23
            </div>
          </td>
          <td
            class="rc-calendar-cell"
            role="gridcell"
            title="March 24, 2017"
          >
            <div
              aria-disabled="false"
              aria-selected="false"
              class="rc-calendar-date"
            >
              24
            </div>
          </td>
          <td
            class="rc-calendar-cell"
            role="gridcell"
            title="March 25, 2017"
          >
            <div
              aria-disabled="false"
              aria-selected="false"
              class="rc-calendar-date"
            >
              25
            </div>
          </td>
        </tr>
        <tr
          class="rc-calendar-current-week rc-calendar-active-week"
          role="row"
        >
          <td
            class="rc-calendar-cell"
            role="gridcell"
            title="March 26, 2017"
          >
            <div
              aria-disabled="false"
              aria-selected="false"
              class="rc-calendar-date"
            >
              26
            </div>
          </td>
          <td
            class="rc-calendar-cell"
            role="gridcell"
            title="March 27, 2017"
          >
            <div
              aria-disabled="false"
              aria-selected="false"
              class="rc-calendar-date"
            >
              27
            </div>
          </td>
          <td
            class="rc-calendar-cell"
            role="gridcell"
            title="March 28, 2017"
          >
            <div
              aria-disabled="false"
              aria-selected="false"
              class="rc-calendar-date"
            >
              28
            </div>
          </td>
          <td
            class="rc-calendar-cell rc-calendar-today rc-calendar-selected-day"
            role="gridcell"
            title="March 29, 2017"
          >
            <div
              aria-disabled="false"
              aria-selected="true"
              class="rc-calendar-date"
            >
              29
            </div>
          </td>
          <td
            class="rc-calendar-cell"
            role="gridcell"
            title="March 30, 2017"
          >
            <div
              aria-disabled="false"
              aria-selected="false"
              class="rc-calendar-date"
            >
              30
            </div>
          </td>
          <td
            class="rc-calendar-cell rc-calendar-last-day-of-month"
            role="gridcell"
            title="March 31, 2017"
          >
            <div
              aria-disabled="false"
              aria-selected="false"
              class="rc-calendar-date"
            >
              31
            </div>
          </td>
          <td
            class="rc-calendar-cell rc-calendar-next-month-btn-day"
            role="gridcell"
            title="April 1, 2017"
          >
            <div
              aria-disabled="false"
              aria-selected="false"
              class="rc-calendar-date"
            >
              1
            </div>
          </td>
        </tr>
        <tr
          class=""
          role="row"
        >
          <td
            class="rc-calendar-cell rc-calendar-next-month-btn-day"
            role="gridcell"
            title="April 2, 2017"
          >
            <div
              aria-disabled="false"
              aria-selected="false"
              class="rc-calendar-date"
            >
              2
            </div>
          </td>
          <td
            class="rc-calendar-cell rc-calendar-next-month-btn-day"
            role="gridcell"
            title="April 3, 2017"
          >
            <div
              aria-disabled="false"
              aria-selected="false"
              class="rc-calendar-date"
            >
              3
            </div>
          </td>
          <td
            class="rc-calendar-cell rc-calendar-next-month-btn-day"
            role="gridcell"
            title="April 4, 2017"
          >
            <div
              aria-disabled="false"
              aria-selected="false"
              class="rc-calendar-date"
            >
              4
            </div>
          </td>
          <td
            class="rc-calendar-cell rc-calendar-next-month-btn-day"
            role="gridcell"
            title="April 5, 2017"
          >
            <div
              aria-disabled="false"
              aria-selected="false"
              class="rc-calendar-date"
            >
              5
            </div>
          </td>
          <td
            class="rc-calendar-cell rc-calendar-next-month-btn-day"
            role="gridcell"
            title="April 6, 2017"
          >
            <div
              aria-disabled="false"
              aria-selected="false"
              class="rc-calendar-date"
            >
              6
            </div>
          </td>
          <td
            class="rc-calendar-cell rc-calendar-next-month-btn-day"
            role="gridcell"
            title="April 7, 2017"
          >
            <div
              aria-disabled="false"
              aria-selected="false"
              class="rc-calendar-date"
            >
              7
            </div>
          </td>
          <td
            class="rc-calendar-cell rc-calendar-next-month-btn-day"
            role="gridcell"
            title="April 8, 2017"
          >
            <div
              aria-disabled="false"
              aria-selected="false"
              class="rc-calendar-date"
            >
              8
            </div>
          </td>
        </tr>
      </tbody>
    </table>
  </div>
</div>
`;
